<testsuites id="" name="" tests="1" failures="1" skipped="0" errors="0" time="37.4273169999998">
<testsuite name="frame.spec.js" timestamp="2025-04-18T06:59:33.148Z" hostname="chromium" tests="1" failures="1" skipped="0" time="35.034" errors="0">
<testcase name="Nestedframes" classname="frame.spec.js" time="35.034">
<failure message="frame.spec.js:19:5 Nestedframes" type="FAILURE">
<![CDATA[  [chromium] › frame.spec.js:19:5 › Nestedframes ───────────────────────────────────────────────────

    Test timeout of 30000ms exceeded.

    TypeError: Cannot read properties of null (reading 'locator')

      23 |   let frame1= await page.frame({url: 'frame_1.html'})
      24 |   
    > 25 | await  frame1.locator('//*[@id="id1"]/div/input').click()
         |               ^
      26 |   
      27 | //  let childframe=await frame1.childFrames();
      28 |
        at C:\Users\sugum\Documents\Playwright_class\Playwright_training_class\tests\frame.spec.js:25:15
]]>
</failure>
</testcase>
</testsuite>
</testsuites>